
> civic-app@1.0.0 test
> jest MapScreen

  console.error
    An update to Root inside a test was not wrapped in act(...).
    
    When testing, code that causes React state updates should be wrapped into act(...):
    
    act(() => {
      /* fire events that update state */
    });
    /* assert on the output */
    
    This ensures that you're testing the behavior the user would see in the browser. Learn more at https://react.dev/link/wrap-tests-with-act

    [0m [90m 64 |[39m     [33mIssueService[39m[33m.[39mgetAllIssues[33m.[39mmockResolvedValue([])[33m;[39m
     [90m 65 |[39m
    [31m[1m>[22m[39m[90m 66 |[39m     [36mconst[39m tree [33m=[39m renderer[33m.[39mcreate([33m<[39m[33mMapScreen[39m navigation[33m=[39m{{}} [33m/[39m[33m>[39m)[33m;[39m
     [90m    |[39m                           [31m[1m^[22m[39m
     [90m 67 |[39m     
     [90m 68 |[39m     [90m// Test that loading text is found[39m
     [90m 69 |[39m     expect(tree[33m.[39mroot[33m.[39mfindByProps({ children[33m:[39m [32m'Loading Map...'[39m }))[33m.[39mtoBeTruthy()[33m;[39m[0m

      at node_modules/react-test-renderer/cjs/react-test-renderer.development.js:11801:19
      at runWithFiberInDEV (node_modules/react-test-renderer/cjs/react-test-renderer.development.js:1574:13)
      at warnIfUpdatesNotWrappedWithActDEV (node_modules/react-test-renderer/cjs/react-test-renderer.development.js:11800:9)
      at scheduleUpdateOnFiber (node_modules/react-test-renderer/cjs/react-test-renderer.development.js:10326:9)
      at updateContainerImpl (node_modules/react-test-renderer/cjs/react-test-renderer.development.js:12382:10)
      at updateContainer (node_modules/react-test-renderer/cjs/react-test-renderer.development.js:12326:7)
      at Object.<anonymous>.process.env.NODE_ENV.exports.create (node_modules/react-test-renderer/cjs/react-test-renderer.development.js:14630:7)
      at Object.create (__tests__/MapScreen.test.js:66:27)
      at asyncGeneratorStep (node_modules/@babel/runtime/helpers/asyncToGenerator.js:3:17)
      at _next (node_modules/@babel/runtime/helpers/asyncToGenerator.js:17:9)
      at node_modules/@babel/runtime/helpers/asyncToGenerator.js:22:7
      at Object.<anonymous> (node_modules/@babel/runtime/helpers/asyncToGenerator.js:14:12)

  console.error
    An update to Root inside a test was not wrapped in act(...).
    
    When testing, code that causes React state updates should be wrapped into act(...):
    
    act(() => {
      /* fire events that update state */
    });
    /* assert on the output */
    
    This ensures that you're testing the behavior the user would see in the browser. Learn more at https://react.dev/link/wrap-tests-with-act

    [0m [90m 81 |[39m     ])[33m;[39m
     [90m 82 |[39m
    [31m[1m>[22m[39m[90m 83 |[39m     [36mconst[39m tree [33m=[39m renderer[33m.[39mcreate([33m<[39m[33mMapScreen[39m navigation[33m=[39m{{}} [33m/[39m[33m>[39m)[33m;[39m
     [90m    |[39m                           [31m[1m^[22m[39m
     [90m 84 |[39m     [36mawait[39m flushPromises()[33m;[39m [90m// wait for useEffects to complete[39m
     [90m 85 |[39m     tree[33m.[39mupdate([33m<[39m[33mMapScreen[39m navigation[33m=[39m{{}} [35m/>); /[39m[33m/[39m force re[33m-[39mrender
     [90m 86 |[39m[0m

      at node_modules/react-test-renderer/cjs/react-test-renderer.development.js:11801:19
      at runWithFiberInDEV (node_modules/react-test-renderer/cjs/react-test-renderer.development.js:1574:13)
      at warnIfUpdatesNotWrappedWithActDEV (node_modules/react-test-renderer/cjs/react-test-renderer.development.js:11800:9)
      at scheduleUpdateOnFiber (node_modules/react-test-renderer/cjs/react-test-renderer.development.js:10326:9)
      at updateContainerImpl (node_modules/react-test-renderer/cjs/react-test-renderer.development.js:12382:10)
      at updateContainer (node_modules/react-test-renderer/cjs/react-test-renderer.development.js:12326:7)
      at Object.<anonymous>.process.env.NODE_ENV.exports.create (node_modules/react-test-renderer/cjs/react-test-renderer.development.js:14630:7)
      at Object.create (__tests__/MapScreen.test.js:83:27)
      at asyncGeneratorStep (node_modules/@babel/runtime/helpers/asyncToGenerator.js:3:17)
      at _next (node_modules/@babel/runtime/helpers/asyncToGenerator.js:17:9)
      at node_modules/@babel/runtime/helpers/asyncToGenerator.js:22:7
      at Object.<anonymous> (node_modules/@babel/runtime/helpers/asyncToGenerator.js:14:12)

  console.error
    An update to MapScreen inside a test was not wrapped in act(...).
    
    When testing, code that causes React state updates should be wrapped into act(...):
    
    act(() => {
      /* fire events that update state */
    });
    /* assert on the output */
    
    This ensures that you're testing the behavior the user would see in the browser. Learn more at https://react.dev/link/wrap-tests-with-act

    [0m [90m 58 |[39m                     })[33m;[39m
     [90m 59 |[39m                     
    [31m[1m>[22m[39m[90m 60 |[39m                     setIssues(mapIssues)[33m;[39m
     [90m    |[39m                     [31m[1m^[22m[39m
     [90m 61 |[39m                 } [36mcatch[39m (error) {
     [90m 62 |[39m                     console[33m.[39merror([32m'[MapScreen] Error fetching issues:'[39m[33m,[39m error)[33m;[39m
     [90m 63 |[39m                 }[0m

      at node_modules/react-test-renderer/cjs/react-test-renderer.development.js:11801:19
      at runWithFiberInDEV (node_modules/react-test-renderer/cjs/react-test-renderer.development.js:1574:13)
      at warnIfUpdatesNotWrappedWithActDEV (node_modules/react-test-renderer/cjs/react-test-renderer.development.js:11800:9)
      at scheduleUpdateOnFiber (node_modules/react-test-renderer/cjs/react-test-renderer.development.js:10326:9)
      at dispatchSetStateInternal (node_modules/react-test-renderer/cjs/react-test-renderer.development.js:4148:13)
      at dispatchSetState (node_modules/react-test-renderer/cjs/react-test-renderer.development.js:4107:7)
      at setIssues (screens/MapScreen.js:60:21)
      at asyncGeneratorStep (node_modules/@babel/runtime/helpers/asyncToGenerator.js:3:17)
      at _next (node_modules/@babel/runtime/helpers/asyncToGenerator.js:17:9)

  console.error
    An update to Root inside a test was not wrapped in act(...).
    
    When testing, code that causes React state updates should be wrapped into act(...):
    
    act(() => {
      /* fire events that update state */
    });
    /* assert on the output */
    
    This ensures that you're testing the behavior the user would see in the browser. Learn more at https://react.dev/link/wrap-tests-with-act

    [0m [90m 83 |[39m     [36mconst[39m tree [33m=[39m renderer[33m.[39mcreate([33m<[39m[33mMapScreen[39m navigation[33m=[39m{{}} [33m/[39m[33m>[39m)[33m;[39m
     [90m 84 |[39m     [36mawait[39m flushPromises()[33m;[39m [90m// wait for useEffects to complete[39m
    [31m[1m>[22m[39m[90m 85 |[39m     tree[33m.[39mupdate([33m<[39m[33mMapScreen[39m navigation[33m=[39m{{}} [35m/>); /[39m[33m/[39m force re[33m-[39mrender
     [90m    |[39m          [31m[1m^[22m[39m
     [90m 86 |[39m
     [90m 87 |[39m     expect(tree[33m.[39mroot[33m.[39mfindByProps({ testID[33m:[39m [32m'map-view'[39m }))[33m.[39mtoBeTruthy()[33m;[39m
     [90m 88 |[39m     [0m

      at node_modules/react-test-renderer/cjs/react-test-renderer.development.js:11801:19
      at runWithFiberInDEV (node_modules/react-test-renderer/cjs/react-test-renderer.development.js:1574:13)
      at warnIfUpdatesNotWrappedWithActDEV (node_modules/react-test-renderer/cjs/react-test-renderer.development.js:11800:9)
      at scheduleUpdateOnFiber (node_modules/react-test-renderer/cjs/react-test-renderer.development.js:10326:9)
      at updateContainerImpl (node_modules/react-test-renderer/cjs/react-test-renderer.development.js:12382:10)
      at updateContainer (node_modules/react-test-renderer/cjs/react-test-renderer.development.js:12326:7)
      at Object.update (node_modules/react-test-renderer/cjs/react-test-renderer.development.js:14669:13)
      at Object.update (__tests__/MapScreen.test.js:85:10)
      at asyncGeneratorStep (node_modules/@babel/runtime/helpers/asyncToGenerator.js:3:17)
      at _next (node_modules/@babel/runtime/helpers/asyncToGenerator.js:17:9)

  console.error
    An update to Root inside a test was not wrapped in act(...).
    
    When testing, code that causes React state updates should be wrapped into act(...):
    
    act(() => {
      /* fire events that update state */
    });
    /* assert on the output */
    
    This ensures that you're testing the behavior the user would see in the browser. Learn more at https://react.dev/link/wrap-tests-with-act

    [0m [90m  95 |[39m     [33mIssueService[39m[33m.[39mgetAllIssues[33m.[39mmockResolvedValue([])[33m;[39m
     [90m  96 |[39m
    [31m[1m>[22m[39m[90m  97 |[39m     [36mconst[39m tree [33m=[39m renderer[33m.[39mcreate([33m<[39m[33mMapScreen[39m navigation[33m=[39m{{}} [33m/[39m[33m>[39m)[33m;[39m
     [90m     |[39m                           [31m[1m^[22m[39m
     [90m  98 |[39m     [36mawait[39m flushPromises()[33m;[39m
     [90m  99 |[39m     tree[33m.[39mupdate([33m<[39m[33mMapScreen[39m navigation[33m=[39m{{}} [33m/[39m[33m>[39m)[33m;[39m
     [90m 100 |[39m[0m

      at node_modules/react-test-renderer/cjs/react-test-renderer.development.js:11801:19
      at runWithFiberInDEV (node_modules/react-test-renderer/cjs/react-test-renderer.development.js:1574:13)
      at warnIfUpdatesNotWrappedWithActDEV (node_modules/react-test-renderer/cjs/react-test-renderer.development.js:11800:9)
      at scheduleUpdateOnFiber (node_modules/react-test-renderer/cjs/react-test-renderer.development.js:10326:9)
      at updateContainerImpl (node_modules/react-test-renderer/cjs/react-test-renderer.development.js:12382:10)
      at updateContainer (node_modules/react-test-renderer/cjs/react-test-renderer.development.js:12326:7)
      at Object.<anonymous>.process.env.NODE_ENV.exports.create (node_modules/react-test-renderer/cjs/react-test-renderer.development.js:14630:7)
      at Object.create (__tests__/MapScreen.test.js:97:27)
      at asyncGeneratorStep (node_modules/@babel/runtime/helpers/asyncToGenerator.js:3:17)
      at _next (node_modules/@babel/runtime/helpers/asyncToGenerator.js:17:9)
      at node_modules/@babel/runtime/helpers/asyncToGenerator.js:22:7
      at Object.<anonymous> (node_modules/@babel/runtime/helpers/asyncToGenerator.js:14:12)

  console.error
    An update to MapScreen inside a test was not wrapped in act(...).
    
    When testing, code that causes React state updates should be wrapped into act(...):
    
    act(() => {
      /* fire events that update state */
    });
    /* assert on the output */
    
    This ensures that you're testing the behavior the user would see in the browser. Learn more at https://react.dev/link/wrap-tests-with-act

    [0m [90m 75 |[39m                 [36mif[39m (status [33m!==[39m [32m'granted'[39m) {
     [90m 76 |[39m                     [36mif[39m (isMounted) {
    [31m[1m>[22m[39m[90m 77 |[39m                         setLocation({ latitude[33m:[39m [35m28.4595[39m[33m,[39m longitude[33m:[39m [35m77.0266[39m })[33m;[39m
     [90m    |[39m                         [31m[1m^[22m[39m
     [90m 78 |[39m                         setLocationLoaded([36mtrue[39m)[33m;[39m
     [90m 79 |[39m                     }
     [90m 80 |[39m                     [36mreturn[39m[33m;[39m[0m

      at node_modules/react-test-renderer/cjs/react-test-renderer.development.js:11801:19
      at runWithFiberInDEV (node_modules/react-test-renderer/cjs/react-test-renderer.development.js:1574:13)
      at warnIfUpdatesNotWrappedWithActDEV (node_modules/react-test-renderer/cjs/react-test-renderer.development.js:11800:9)
      at scheduleUpdateOnFiber (node_modules/react-test-renderer/cjs/react-test-renderer.development.js:10326:9)
      at dispatchSetStateInternal (node_modules/react-test-renderer/cjs/react-test-renderer.development.js:4148:13)
      at dispatchSetState (node_modules/react-test-renderer/cjs/react-test-renderer.development.js:4107:7)
      at setLocation (screens/MapScreen.js:77:25)
      at asyncGeneratorStep (node_modules/@babel/runtime/helpers/asyncToGenerator.js:3:17)
      at _next (node_modules/@babel/runtime/helpers/asyncToGenerator.js:17:9)

  console.error
    An update to MapScreen inside a test was not wrapped in act(...).
    
    When testing, code that causes React state updates should be wrapped into act(...):
    
    act(() => {
      /* fire events that update state */
    });
    /* assert on the output */
    
    This ensures that you're testing the behavior the user would see in the browser. Learn more at https://react.dev/link/wrap-tests-with-act

    [0m [90m 76 |[39m                     [36mif[39m (isMounted) {
     [90m 77 |[39m                         setLocation({ latitude[33m:[39m [35m28.4595[39m[33m,[39m longitude[33m:[39m [35m77.0266[39m })[33m;[39m
    [31m[1m>[22m[39m[90m 78 |[39m                         setLocationLoaded([36mtrue[39m)[33m;[39m
     [90m    |[39m                         [31m[1m^[22m[39m
     [90m 79 |[39m                     }
     [90m 80 |[39m                     [36mreturn[39m[33m;[39m
     [90m 81 |[39m                 }[0m

      at node_modules/react-test-renderer/cjs/react-test-renderer.development.js:11801:19
      at runWithFiberInDEV (node_modules/react-test-renderer/cjs/react-test-renderer.development.js:1574:13)
      at warnIfUpdatesNotWrappedWithActDEV (node_modules/react-test-renderer/cjs/react-test-renderer.development.js:11800:9)
      at scheduleUpdateOnFiber (node_modules/react-test-renderer/cjs/react-test-renderer.development.js:10326:9)
      at dispatchSetStateInternal (node_modules/react-test-renderer/cjs/react-test-renderer.development.js:4148:13)
      at dispatchSetState (node_modules/react-test-renderer/cjs/react-test-renderer.development.js:4107:7)
      at setLocationLoaded (screens/MapScreen.js:78:25)
      at asyncGeneratorStep (node_modules/@babel/runtime/helpers/asyncToGenerator.js:3:17)
      at _next (node_modules/@babel/runtime/helpers/asyncToGenerator.js:17:9)

  console.error
    An update to MapScreen inside a test was not wrapped in act(...).
    
    When testing, code that causes React state updates should be wrapped into act(...):
    
    act(() => {
      /* fire events that update state */
    });
    /* assert on the output */
    
    This ensures that you're testing the behavior the user would see in the browser. Learn more at https://react.dev/link/wrap-tests-with-act

    [0m [90m 123 |[39m             } [36mfinally[39m {
     [90m 124 |[39m                 [36mif[39m (isMounted) {
    [31m[1m>[22m[39m[90m 125 |[39m                     setLocationLoaded([36mtrue[39m)[33m;[39m
     [90m     |[39m                     [31m[1m^[22m[39m
     [90m 126 |[39m                 }
     [90m 127 |[39m             }
     [90m 128 |[39m         }[33m;[39m[0m

      at node_modules/react-test-renderer/cjs/react-test-renderer.development.js:11801:19
      at runWithFiberInDEV (node_modules/react-test-renderer/cjs/react-test-renderer.development.js:1574:13)
      at warnIfUpdatesNotWrappedWithActDEV (node_modules/react-test-renderer/cjs/react-test-renderer.development.js:11800:9)
      at scheduleUpdateOnFiber (node_modules/react-test-renderer/cjs/react-test-renderer.development.js:10326:9)
      at dispatchSetStateInternal (node_modules/react-test-renderer/cjs/react-test-renderer.development.js:4148:13)
      at dispatchSetState (node_modules/react-test-renderer/cjs/react-test-renderer.development.js:4107:7)
      at setLocationLoaded (screens/MapScreen.js:125:21)
      at asyncGeneratorStep (node_modules/@babel/runtime/helpers/asyncToGenerator.js:3:17)
      at _next (node_modules/@babel/runtime/helpers/asyncToGenerator.js:17:9)

  console.error
    An update to MapScreen inside a test was not wrapped in act(...).
    
    When testing, code that causes React state updates should be wrapped into act(...):
    
    act(() => {
      /* fire events that update state */
    });
    /* assert on the output */
    
    This ensures that you're testing the behavior the user would see in the browser. Learn more at https://react.dev/link/wrap-tests-with-act

    [0m [90m 58 |[39m                     })[33m;[39m
     [90m 59 |[39m                     
    [31m[1m>[22m[39m[90m 60 |[39m                     setIssues(mapIssues)[33m;[39m
     [90m    |[39m                     [31m[1m^[22m[39m
     [90m 61 |[39m                 } [36mcatch[39m (error) {
     [90m 62 |[39m                     console[33m.[39merror([32m'[MapScreen] Error fetching issues:'[39m[33m,[39m error)[33m;[39m
     [90m 63 |[39m                 }[0m

      at node_modules/react-test-renderer/cjs/react-test-renderer.development.js:11801:19
      at runWithFiberInDEV (node_modules/react-test-renderer/cjs/react-test-renderer.development.js:1574:13)
      at warnIfUpdatesNotWrappedWithActDEV (node_modules/react-test-renderer/cjs/react-test-renderer.development.js:11800:9)
      at scheduleUpdateOnFiber (node_modules/react-test-renderer/cjs/react-test-renderer.development.js:10326:9)
      at dispatchSetStateInternal (node_modules/react-test-renderer/cjs/react-test-renderer.development.js:4148:13)
      at dispatchSetState (node_modules/react-test-renderer/cjs/react-test-renderer.development.js:4107:7)
      at setIssues (screens/MapScreen.js:60:21)
      at asyncGeneratorStep (node_modules/@babel/runtime/helpers/asyncToGenerator.js:3:17)
      at _next (node_modules/@babel/runtime/helpers/asyncToGenerator.js:17:9)

  console.error
    An update to Root inside a test was not wrapped in act(...).
    
    When testing, code that causes React state updates should be wrapped into act(...):
    
    act(() => {
      /* fire events that update state */
    });
    /* assert on the output */
    
    This ensures that you're testing the behavior the user would see in the browser. Learn more at https://react.dev/link/wrap-tests-with-act

    [0m [90m  97 |[39m     [36mconst[39m tree [33m=[39m renderer[33m.[39mcreate([33m<[39m[33mMapScreen[39m navigation[33m=[39m{{}} [33m/[39m[33m>[39m)[33m;[39m
     [90m  98 |[39m     [36mawait[39m flushPromises()[33m;[39m
    [31m[1m>[22m[39m[90m  99 |[39m     tree[33m.[39mupdate([33m<[39m[33mMapScreen[39m navigation[33m=[39m{{}} [33m/[39m[33m>[39m)[33m;[39m
     [90m     |[39m          [31m[1m^[22m[39m
     [90m 100 |[39m
     [90m 101 |[39m     expect(tree[33m.[39mroot[33m.[39mfindByProps({ testID[33m:[39m [32m'map-view'[39m }))[33m.[39mtoBeTruthy()[33m;[39m
     [90m 102 |[39m     expect([33mLocation[39m[33m.[39mgetLastKnownPositionAsync)[33m.[39mnot[33m.[39mtoHaveBeenCalled()[33m;[39m[0m

      at node_modules/react-test-renderer/cjs/react-test-renderer.development.js:11801:19
      at runWithFiberInDEV (node_modules/react-test-renderer/cjs/react-test-renderer.development.js:1574:13)
      at warnIfUpdatesNotWrappedWithActDEV (node_modules/react-test-renderer/cjs/react-test-renderer.development.js:11800:9)
      at scheduleUpdateOnFiber (node_modules/react-test-renderer/cjs/react-test-renderer.development.js:10326:9)
      at updateContainerImpl (node_modules/react-test-renderer/cjs/react-test-renderer.development.js:12382:10)
      at updateContainer (node_modules/react-test-renderer/cjs/react-test-renderer.development.js:12326:7)
      at Object.update (node_modules/react-test-renderer/cjs/react-test-renderer.development.js:14669:13)
      at Object.update (__tests__/MapScreen.test.js:99:10)
      at asyncGeneratorStep (node_modules/@babel/runtime/helpers/asyncToGenerator.js:3:17)
      at _next (node_modules/@babel/runtime/helpers/asyncToGenerator.js:17:9)

  console.error
    An update to Root inside a test was not wrapped in act(...).
    
    When testing, code that causes React state updates should be wrapped into act(...):
    
    act(() => {
      /* fire events that update state */
    });
    /* assert on the output */
    
    This ensures that you're testing the behavior the user would see in the browser. Learn more at https://react.dev/link/wrap-tests-with-act

    [0m [90m 114 |[39m     ])[33m;[39m
     [90m 115 |[39m
    [31m[1m>[22m[39m[90m 116 |[39m     [36mconst[39m tree [33m=[39m renderer[33m.[39mcreate([33m<[39m[33mMapScreen[39m navigation[33m=[39m{{}} [33m/[39m[33m>[39m)[33m;[39m
     [90m     |[39m                           [31m[1m^[22m[39m
     [90m 117 |[39m     [36mawait[39m flushPromises()[33m;[39m
     [90m 118 |[39m     tree[33m.[39mupdate([33m<[39m[33mMapScreen[39m navigation[33m=[39m{{}} [33m/[39m[33m>[39m)[33m;[39m
     [90m 119 |[39m[0m

      at node_modules/react-test-renderer/cjs/react-test-renderer.development.js:11801:19
      at runWithFiberInDEV (node_modules/react-test-renderer/cjs/react-test-renderer.development.js:1574:13)
      at warnIfUpdatesNotWrappedWithActDEV (node_modules/react-test-renderer/cjs/react-test-renderer.development.js:11800:9)
      at scheduleUpdateOnFiber (node_modules/react-test-renderer/cjs/react-test-renderer.development.js:10326:9)
      at updateContainerImpl (node_modules/react-test-renderer/cjs/react-test-renderer.development.js:12382:10)
      at updateContainer (node_modules/react-test-renderer/cjs/react-test-renderer.development.js:12326:7)
      at Object.<anonymous>.process.env.NODE_ENV.exports.create (node_modules/react-test-renderer/cjs/react-test-renderer.development.js:14630:7)
      at Object.create (__tests__/MapScreen.test.js:116:27)
      at asyncGeneratorStep (node_modules/@babel/runtime/helpers/asyncToGenerator.js:3:17)
      at _next (node_modules/@babel/runtime/helpers/asyncToGenerator.js:17:9)
      at node_modules/@babel/runtime/helpers/asyncToGenerator.js:22:7
      at Object.<anonymous> (node_modules/@babel/runtime/helpers/asyncToGenerator.js:14:12)

  console.error
    An update to MapScreen inside a test was not wrapped in act(...).
    
    When testing, code that causes React state updates should be wrapped into act(...):
    
    act(() => {
      /* fire events that update state */
    });
    /* assert on the output */
    
    This ensures that you're testing the behavior the user would see in the browser. Learn more at https://react.dev/link/wrap-tests-with-act

    [0m [90m 58 |[39m                     })[33m;[39m
     [90m 59 |[39m                     
    [31m[1m>[22m[39m[90m 60 |[39m                     setIssues(mapIssues)[33m;[39m
     [90m    |[39m                     [31m[1m^[22m[39m
     [90m 61 |[39m                 } [36mcatch[39m (error) {
     [90m 62 |[39m                     console[33m.[39merror([32m'[MapScreen] Error fetching issues:'[39m[33m,[39m error)[33m;[39m
     [90m 63 |[39m                 }[0m

      at node_modules/react-test-renderer/cjs/react-test-renderer.development.js:11801:19
      at runWithFiberInDEV (node_modules/react-test-renderer/cjs/react-test-renderer.development.js:1574:13)
      at warnIfUpdatesNotWrappedWithActDEV (node_modules/react-test-renderer/cjs/react-test-renderer.development.js:11800:9)
      at scheduleUpdateOnFiber (node_modules/react-test-renderer/cjs/react-test-renderer.development.js:10326:9)
      at dispatchSetStateInternal (node_modules/react-test-renderer/cjs/react-test-renderer.development.js:4148:13)
      at dispatchSetState (node_modules/react-test-renderer/cjs/react-test-renderer.development.js:4107:7)
      at setIssues (screens/MapScreen.js:60:21)
      at asyncGeneratorStep (node_modules/@babel/runtime/helpers/asyncToGenerator.js:3:17)
      at _next (node_modules/@babel/runtime/helpers/asyncToGenerator.js:17:9)

  console.error
    An update to MapScreen inside a test was not wrapped in act(...).
    
    When testing, code that causes React state updates should be wrapped into act(...):
    
    act(() => {
      /* fire events that update state */
    });
    /* assert on the output */
    
    This ensures that you're testing the behavior the user would see in the browser. Learn more at https://react.dev/link/wrap-tests-with-act

    [0m [90m 105 |[39m                 
     [90m 106 |[39m                 [36mif[39m (isMounted [33m&&[39m loc) {
    [31m[1m>[22m[39m[90m 107 |[39m                     setLocation(loc[33m.[39mcoords)[33m;[39m
     [90m     |[39m                     [31m[1m^[22m[39m
     [90m 108 |[39m                     mapRef[33m.[39mcurrent[33m?[39m[33m.[39manimateToRegion({
     [90m 109 |[39m                         latitude[33m:[39m loc[33m.[39mcoords[33m.[39mlatitude[33m,[39m
     [90m 110 |[39m                         longitude[33m:[39m loc[33m.[39mcoords[33m.[39mlongitude[33m,[39m[0m

      at node_modules/react-test-renderer/cjs/react-test-renderer.development.js:11801:19
      at runWithFiberInDEV (node_modules/react-test-renderer/cjs/react-test-renderer.development.js:1574:13)
      at warnIfUpdatesNotWrappedWithActDEV (node_modules/react-test-renderer/cjs/react-test-renderer.development.js:11800:9)
      at scheduleUpdateOnFiber (node_modules/react-test-renderer/cjs/react-test-renderer.development.js:10326:9)
      at dispatchSetStateInternal (node_modules/react-test-renderer/cjs/react-test-renderer.development.js:4148:13)
      at dispatchSetState (node_modules/react-test-renderer/cjs/react-test-renderer.development.js:4107:7)
      at setLocation (screens/MapScreen.js:107:21)
      at asyncGeneratorStep (node_modules/@babel/runtime/helpers/asyncToGenerator.js:3:17)
      at _next (node_modules/@babel/runtime/helpers/asyncToGenerator.js:17:9)

  console.error
    An update to MapScreen inside a test was not wrapped in act(...).
    
    When testing, code that causes React state updates should be wrapped into act(...):
    
    act(() => {
      /* fire events that update state */
    });
    /* assert on the output */
    
    This ensures that you're testing the behavior the user would see in the browser. Learn more at https://react.dev/link/wrap-tests-with-act

    [0m [90m 123 |[39m             } [36mfinally[39m {
     [90m 124 |[39m                 [36mif[39m (isMounted) {
    [31m[1m>[22m[39m[90m 125 |[39m                     setLocationLoaded([36mtrue[39m)[33m;[39m
     [90m     |[39m                     [31m[1m^[22m[39m
     [90m 126 |[39m                 }
     [90m 127 |[39m             }
     [90m 128 |[39m         }[33m;[39m[0m

      at node_modules/react-test-renderer/cjs/react-test-renderer.development.js:11801:19
      at runWithFiberInDEV (node_modules/react-test-renderer/cjs/react-test-renderer.development.js:1574:13)
      at warnIfUpdatesNotWrappedWithActDEV (node_modules/react-test-renderer/cjs/react-test-renderer.development.js:11800:9)
      at scheduleUpdateOnFiber (node_modules/react-test-renderer/cjs/react-test-renderer.development.js:10326:9)
      at dispatchSetStateInternal (node_modules/react-test-renderer/cjs/react-test-renderer.development.js:4148:13)
      at dispatchSetState (node_modules/react-test-renderer/cjs/react-test-renderer.development.js:4107:7)
      at setLocationLoaded (screens/MapScreen.js:125:21)
      at asyncGeneratorStep (node_modules/@babel/runtime/helpers/asyncToGenerator.js:3:17)
      at _next (node_modules/@babel/runtime/helpers/asyncToGenerator.js:17:9)

  console.error
    An update to Root inside a test was not wrapped in act(...).
    
    When testing, code that causes React state updates should be wrapped into act(...):
    
    act(() => {
      /* fire events that update state */
    });
    /* assert on the output */
    
    This ensures that you're testing the behavior the user would see in the browser. Learn more at https://react.dev/link/wrap-tests-with-act

    [0m [90m 116 |[39m     [36mconst[39m tree [33m=[39m renderer[33m.[39mcreate([33m<[39m[33mMapScreen[39m navigation[33m=[39m{{}} [33m/[39m[33m>[39m)[33m;[39m
     [90m 117 |[39m     [36mawait[39m flushPromises()[33m;[39m
    [31m[1m>[22m[39m[90m 118 |[39m     tree[33m.[39mupdate([33m<[39m[33mMapScreen[39m navigation[33m=[39m{{}} [33m/[39m[33m>[39m)[33m;[39m
     [90m     |[39m          [31m[1m^[22m[39m
     [90m 119 |[39m
     [90m 120 |[39m     [36mconst[39m markers [33m=[39m tree[33m.[39mroot[33m.[39mfindAllByProps({ testID[33m:[39m [32m'map-marker'[39m })[33m;[39m
     [90m 121 |[39m     expect(markers[33m.[39mlength)[33m.[39mtoBe([35m1[39m)[33m;[39m[0m

      at node_modules/react-test-renderer/cjs/react-test-renderer.development.js:11801:19
      at runWithFiberInDEV (node_modules/react-test-renderer/cjs/react-test-renderer.development.js:1574:13)
      at warnIfUpdatesNotWrappedWithActDEV (node_modules/react-test-renderer/cjs/react-test-renderer.development.js:11800:9)
      at scheduleUpdateOnFiber (node_modules/react-test-renderer/cjs/react-test-renderer.development.js:10326:9)
      at updateContainerImpl (node_modules/react-test-renderer/cjs/react-test-renderer.development.js:12382:10)
      at updateContainer (node_modules/react-test-renderer/cjs/react-test-renderer.development.js:12326:7)
      at Object.update (node_modules/react-test-renderer/cjs/react-test-renderer.development.js:14669:13)
      at Object.update (__tests__/MapScreen.test.js:118:10)
      at asyncGeneratorStep (node_modules/@babel/runtime/helpers/asyncToGenerator.js:3:17)
      at _next (node_modules/@babel/runtime/helpers/asyncToGenerator.js:17:9)

  console.error
    An update to Root inside a test was not wrapped in act(...).
    
    When testing, code that causes React state updates should be wrapped into act(...):
    
    act(() => {
      /* fire events that update state */
    });
    /* assert on the output */
    
    This ensures that you're testing the behavior the user would see in the browser. Learn more at https://react.dev/link/wrap-tests-with-act

    [0m [90m 133 |[39m
     [90m 134 |[39m     [36mconst[39m mockNavigate [33m=[39m jest[33m.[39mfn()[33m;[39m
    [31m[1m>[22m[39m[90m 135 |[39m     [36mconst[39m tree [33m=[39m renderer[33m.[39mcreate([33m<[39m[33mMapScreen[39m navigation[33m=[39m{{ navigate[33m:[39m mockNavigate }} [33m/[39m[33m>[39m)[33m;[39m
     [90m     |[39m                           [31m[1m^[22m[39m
     [90m 136 |[39m     [36mawait[39m flushPromises()[33m;[39m
     [90m 137 |[39m     tree[33m.[39mupdate([33m<[39m[33mMapScreen[39m navigation[33m=[39m{{ navigate[33m:[39m mockNavigate }} [33m/[39m[33m>[39m)[33m;[39m
     [90m 138 |[39m[0m

      at node_modules/react-test-renderer/cjs/react-test-renderer.development.js:11801:19
      at runWithFiberInDEV (node_modules/react-test-renderer/cjs/react-test-renderer.development.js:1574:13)
      at warnIfUpdatesNotWrappedWithActDEV (node_modules/react-test-renderer/cjs/react-test-renderer.development.js:11800:9)
      at scheduleUpdateOnFiber (node_modules/react-test-renderer/cjs/react-test-renderer.development.js:10326:9)
      at updateContainerImpl (node_modules/react-test-renderer/cjs/react-test-renderer.development.js:12382:10)
      at updateContainer (node_modules/react-test-renderer/cjs/react-test-renderer.development.js:12326:7)
      at Object.<anonymous>.process.env.NODE_ENV.exports.create (node_modules/react-test-renderer/cjs/react-test-renderer.development.js:14630:7)
      at Object.create (__tests__/MapScreen.test.js:135:27)
      at asyncGeneratorStep (node_modules/@babel/runtime/helpers/asyncToGenerator.js:3:17)
      at _next (node_modules/@babel/runtime/helpers/asyncToGenerator.js:17:9)
      at node_modules/@babel/runtime/helpers/asyncToGenerator.js:22:7
      at Object.<anonymous> (node_modules/@babel/runtime/helpers/asyncToGenerator.js:14:12)

  console.error
    An update to MapScreen inside a test was not wrapped in act(...).
    
    When testing, code that causes React state updates should be wrapped into act(...):
    
    act(() => {
      /* fire events that update state */
    });
    /* assert on the output */
    
    This ensures that you're testing the behavior the user would see in the browser. Learn more at https://react.dev/link/wrap-tests-with-act

    [0m [90m 58 |[39m                     })[33m;[39m
     [90m 59 |[39m                     
    [31m[1m>[22m[39m[90m 60 |[39m                     setIssues(mapIssues)[33m;[39m
     [90m    |[39m                     [31m[1m^[22m[39m
     [90m 61 |[39m                 } [36mcatch[39m (error) {
     [90m 62 |[39m                     console[33m.[39merror([32m'[MapScreen] Error fetching issues:'[39m[33m,[39m error)[33m;[39m
     [90m 63 |[39m                 }[0m

      at node_modules/react-test-renderer/cjs/react-test-renderer.development.js:11801:19
      at runWithFiberInDEV (node_modules/react-test-renderer/cjs/react-test-renderer.development.js:1574:13)
      at warnIfUpdatesNotWrappedWithActDEV (node_modules/react-test-renderer/cjs/react-test-renderer.development.js:11800:9)
      at scheduleUpdateOnFiber (node_modules/react-test-renderer/cjs/react-test-renderer.development.js:10326:9)
      at dispatchSetStateInternal (node_modules/react-test-renderer/cjs/react-test-renderer.development.js:4148:13)
      at dispatchSetState (node_modules/react-test-renderer/cjs/react-test-renderer.development.js:4107:7)
      at setIssues (screens/MapScreen.js:60:21)
      at asyncGeneratorStep (node_modules/@babel/runtime/helpers/asyncToGenerator.js:3:17)
      at _next (node_modules/@babel/runtime/helpers/asyncToGenerator.js:17:9)

  console.error
    An update to MapScreen inside a test was not wrapped in act(...).
    
    When testing, code that causes React state updates should be wrapped into act(...):
    
    act(() => {
      /* fire events that update state */
    });
    /* assert on the output */
    
    This ensures that you're testing the behavior the user would see in the browser. Learn more at https://react.dev/link/wrap-tests-with-act

    [0m [90m 105 |[39m                 
     [90m 106 |[39m                 [36mif[39m (isMounted [33m&&[39m loc) {
    [31m[1m>[22m[39m[90m 107 |[39m                     setLocation(loc[33m.[39mcoords)[33m;[39m
     [90m     |[39m                     [31m[1m^[22m[39m
     [90m 108 |[39m                     mapRef[33m.[39mcurrent[33m?[39m[33m.[39manimateToRegion({
     [90m 109 |[39m                         latitude[33m:[39m loc[33m.[39mcoords[33m.[39mlatitude[33m,[39m
     [90m 110 |[39m                         longitude[33m:[39m loc[33m.[39mcoords[33m.[39mlongitude[33m,[39m[0m

      at node_modules/react-test-renderer/cjs/react-test-renderer.development.js:11801:19
      at runWithFiberInDEV (node_modules/react-test-renderer/cjs/react-test-renderer.development.js:1574:13)
      at warnIfUpdatesNotWrappedWithActDEV (node_modules/react-test-renderer/cjs/react-test-renderer.development.js:11800:9)
      at scheduleUpdateOnFiber (node_modules/react-test-renderer/cjs/react-test-renderer.development.js:10326:9)
      at dispatchSetStateInternal (node_modules/react-test-renderer/cjs/react-test-renderer.development.js:4148:13)
      at dispatchSetState (node_modules/react-test-renderer/cjs/react-test-renderer.development.js:4107:7)
      at setLocation (screens/MapScreen.js:107:21)
      at asyncGeneratorStep (node_modules/@babel/runtime/helpers/asyncToGenerator.js:3:17)
      at _next (node_modules/@babel/runtime/helpers/asyncToGenerator.js:17:9)

  console.error
    An update to MapScreen inside a test was not wrapped in act(...).
    
    When testing, code that causes React state updates should be wrapped into act(...):
    
    act(() => {
      /* fire events that update state */
    });
    /* assert on the output */
    
    This ensures that you're testing the behavior the user would see in the browser. Learn more at https://react.dev/link/wrap-tests-with-act

    [0m [90m 123 |[39m             } [36mfinally[39m {
     [90m 124 |[39m                 [36mif[39m (isMounted) {
    [31m[1m>[22m[39m[90m 125 |[39m                     setLocationLoaded([36mtrue[39m)[33m;[39m
     [90m     |[39m                     [31m[1m^[22m[39m
     [90m 126 |[39m                 }
     [90m 127 |[39m             }
     [90m 128 |[39m         }[33m;[39m[0m

      at node_modules/react-test-renderer/cjs/react-test-renderer.development.js:11801:19
      at runWithFiberInDEV (node_modules/react-test-renderer/cjs/react-test-renderer.development.js:1574:13)
      at warnIfUpdatesNotWrappedWithActDEV (node_modules/react-test-renderer/cjs/react-test-renderer.development.js:11800:9)
      at scheduleUpdateOnFiber (node_modules/react-test-renderer/cjs/react-test-renderer.development.js:10326:9)
      at dispatchSetStateInternal (node_modules/react-test-renderer/cjs/react-test-renderer.development.js:4148:13)
      at dispatchSetState (node_modules/react-test-renderer/cjs/react-test-renderer.development.js:4107:7)
      at setLocationLoaded (screens/MapScreen.js:125:21)
      at asyncGeneratorStep (node_modules/@babel/runtime/helpers/asyncToGenerator.js:3:17)
      at _next (node_modules/@babel/runtime/helpers/asyncToGenerator.js:17:9)

  console.error
    An update to Root inside a test was not wrapped in act(...).
    
    When testing, code that causes React state updates should be wrapped into act(...):
    
    act(() => {
      /* fire events that update state */
    });
    /* assert on the output */
    
    This ensures that you're testing the behavior the user would see in the browser. Learn more at https://react.dev/link/wrap-tests-with-act

    [0m [90m 135 |[39m     [36mconst[39m tree [33m=[39m renderer[33m.[39mcreate([33m<[39m[33mMapScreen[39m navigation[33m=[39m{{ navigate[33m:[39m mockNavigate }} [33m/[39m[33m>[39m)[33m;[39m
     [90m 136 |[39m     [36mawait[39m flushPromises()[33m;[39m
    [31m[1m>[22m[39m[90m 137 |[39m     tree[33m.[39mupdate([33m<[39m[33mMapScreen[39m navigation[33m=[39m{{ navigate[33m:[39m mockNavigate }} [33m/[39m[33m>[39m)[33m;[39m
     [90m     |[39m          [31m[1m^[22m[39m
     [90m 138 |[39m
     [90m 139 |[39m     [36mconst[39m marker [33m=[39m tree[33m.[39mroot[33m.[39mfindByProps({ testID[33m:[39m [32m'map-marker'[39m })[33m;[39m
     [90m 140 |[39m     [0m

      at node_modules/react-test-renderer/cjs/react-test-renderer.development.js:11801:19
      at runWithFiberInDEV (node_modules/react-test-renderer/cjs/react-test-renderer.development.js:1574:13)
      at warnIfUpdatesNotWrappedWithActDEV (node_modules/react-test-renderer/cjs/react-test-renderer.development.js:11800:9)
      at scheduleUpdateOnFiber (node_modules/react-test-renderer/cjs/react-test-renderer.development.js:10326:9)
      at updateContainerImpl (node_modules/react-test-renderer/cjs/react-test-renderer.development.js:12382:10)
      at updateContainer (node_modules/react-test-renderer/cjs/react-test-renderer.development.js:12326:7)
      at Object.update (node_modules/react-test-renderer/cjs/react-test-renderer.development.js:14669:13)
      at Object.update (__tests__/MapScreen.test.js:137:10)
      at asyncGeneratorStep (node_modules/@babel/runtime/helpers/asyncToGenerator.js:3:17)
      at _next (node_modules/@babel/runtime/helpers/asyncToGenerator.js:17:9)

  console.warn
    An error occurred in the <MapScreen> component.
    
    Consider adding an error boundary to your tree to customize error handling behavior.
    Visit https://react.dev/link/error-boundaries to learn more about error boundaries.

      at defaultOnUncaughtError (node_modules/react-test-renderer/cjs/react-test-renderer.development.js:5452:15)
      at logUncaughtError (node_modules/react-test-renderer/cjs/react-test-renderer.development.js:5512:11)
      at runWithFiberInDEV (node_modules/react-test-renderer/cjs/react-test-renderer.development.js:1574:13)
      at lane.callback (node_modules/react-test-renderer/cjs/react-test-renderer.development.js:5542:9)
      at callCallback (node_modules/react-test-renderer/cjs/react-test-renderer.development.js:2700:16)
      at commitCallbacks (node_modules/react-test-renderer/cjs/react-test-renderer.development.js:2720:11)
      at runWithFiberInDEV (node_modules/react-test-renderer/cjs/react-test-renderer.development.js:1574:13)
      at commitLayoutEffectOnFiber (node_modules/react-test-renderer/cjs/react-test-renderer.development.js:8936:15)
      at flushLayoutEffects (node_modules/react-test-renderer/cjs/react-test-renderer.development.js:11356:13)
      at commitRoot (node_modules/react-test-renderer/cjs/react-test-renderer.development.js:11310:9)
      at commitRootWhenReady (node_modules/react-test-renderer/cjs/react-test-renderer.development.js:10532:7)
      at performWorkOnRoot (node_modules/react-test-renderer/cjs/react-test-renderer.development.js:10494:15)
      at performWorkOnRootViaSchedulerTask (node_modules/react-test-renderer/cjs/react-test-renderer.development.js:2094:7)
      at Immediate.performWorkUntilDeadline [as _onImmediate] (node_modules/scheduler/cjs/scheduler.native.development.js:45:48)

  console.error
    Can't perform a React state update on a component that hasn't mounted yet. This indicates that you have a side-effect in your render function that asynchronously later calls tries to update the component. Move this work to useEffect instead.

    [0m [90m 58 |[39m                     })[33m;[39m
     [90m 59 |[39m                     
    [31m[1m>[22m[39m[90m 60 |[39m                     setIssues(mapIssues)[33m;[39m
     [90m    |[39m                     [31m[1m^[22m[39m
     [90m 61 |[39m                 } [36mcatch[39m (error) {
     [90m 62 |[39m                     console[33m.[39merror([32m'[MapScreen] Error fetching issues:'[39m[33m,[39m error)[33m;[39m
     [90m 63 |[39m                 }[0m

      at node_modules/react-test-renderer/cjs/react-test-renderer.development.js:11790:21
      at runWithFiberInDEV (node_modules/react-test-renderer/cjs/react-test-renderer.development.js:1574:13)
      at warnAboutUpdateOnNotYetMountedFiberInDEV (node_modules/react-test-renderer/cjs/react-test-renderer.development.js:11789:11)
      at getRootForUpdatedFiber (node_modules/react-test-renderer/cjs/react-test-renderer.development.js:2409:9)
      at enqueueConcurrentHookUpdate (node_modules/react-test-renderer/cjs/react-test-renderer.development.js:2357:14)
      at dispatchSetStateInternal (node_modules/react-test-renderer/cjs/react-test-renderer.development.js:4145:18)
      at dispatchSetState (node_modules/react-test-renderer/cjs/react-test-renderer.development.js:4107:7)
      at setIssues (screens/MapScreen.js:60:21)
      at asyncGeneratorStep (node_modules/@babel/runtime/helpers/asyncToGenerator.js:3:17)
      at _next (node_modules/@babel/runtime/helpers/asyncToGenerator.js:17:9)

node.exe : 
At line:1 char:1
+ & "C:\Program Files\nodejs/node.exe" "C:\Users\Admin\AppData\Roaming\ ...
+ ~~~~~~~~~~~~~~~~~~~~~~~~~~~~~~~~~~~~~~~~~~~~~~~~~~~~~~~~~~~~~~~~~~~~~
    + CategoryInfo          : NotSpecified: (:String) [], RemoteException
    + FullyQualifiedErrorId : NativeCommandError
 
ReferenceError: You are trying to `import` a file after the Jest environment has been torn down. From 
__tests__/MapScreen.test.js.

    [0m [90m 153 |[39m     [36mif[39m ([33m![39mlocationLoaded) {
     [90m 154 |[39m         [36mreturn[39m (
    [31m[1m>[22m[39m[90m 155 |[39m             [33m<[39m[33mView[39m 
style[33m=[39m{[styles[33m.[39mcontainer[33m,[39m { justifyContent[33m:[39m [32m'center'[39m[33m,[39m 
alignItems[33m:[39m [32m'center'[39m }]}[33m>[39m
     [90m     |[39m              [31m[1m^[22m[39m
     [90m 156 |[39m                 [33m<[39m[33mMaterialCommunityIcons[39m 
name[33m=[39m[32m"map-search-outline"[39m size[33m=[39m{[35m48[39m} 
color[33m=[39m{[33mColors[39m[33m.[39mtextTertiary} style[33m=[39m{{ marginBottom[33m:[39m [35m16[39m }} 
[33m/[39m[33m>[39m
     [90m 157 |[39m                 [33m<[39m[33mText[39m style[33m=[39m{{ color[33m:[39m 
[33mColors[39m[33m.[39mtextSecondary[33m,[39m fontSize[33m:[39m [35m15[39m[33m,[39m fontWeight[33m:[39m 
[32m'600'[39m }}[33m>[39m[33mLoading[39m 
[33mMap[39m[33m...[39m[33m<[39m[33m/[39m[33mText[39m[33m>[39m
     [90m 158 |[39m                 [33m<[39m[33mText[39m style[33m=[39m{{ color[33m:[39m 
[33mColors[39m[33m.[39mtextTertiary[33m,[39m fontSize[33m:[39m [35m12[39m[33m,[39m marginTop[33m:[39m 
[35m4[39m }}[33m>[39m[33mDetecting[39m your location[33m<[39m[33m/[39m[33mText[39m[33m>[39m[0m

      at Object.get View [as View] (node_modules/react-native/index.js:88:12)
      at View (screens/MapScreen.js:155:14)
      at Object.react-stack-bottom-frame 
(node_modules/react-test-renderer/cjs/react-test-renderer.development.js:13976:20)
      at renderWithHooks (node_modules/react-test-renderer/cjs/react-test-renderer.development.js:2866:22)
      at updateFunctionComponent (node_modules/react-test-renderer/cjs/react-test-renderer.development.js:6006:19)
      at beginWork (node_modules/react-test-renderer/cjs/react-test-renderer.development.js:7474:18)
      at runWithFiberInDEV (node_modules/react-test-renderer/cjs/react-test-renderer.development.js:1574:13)
      at performUnitOfWork (node_modules/react-test-renderer/cjs/react-test-renderer.development.js:10972:22)
      at workLoopSync (node_modules/react-test-renderer/cjs/react-test-renderer.development.js:10816:41)
      at renderRootSync (node_modules/react-test-renderer/cjs/react-test-renderer.development.js:10797:11)
      at performWorkOnRoot (node_modules/react-test-renderer/cjs/react-test-renderer.development.js:10349:13)
      at performWorkOnRootViaSchedulerTask 
(node_modules/react-test-renderer/cjs/react-test-renderer.development.js:2094:7)
      at Immediate.performWorkUntilDeadline [as _onImmediate] 
(node_modules/scheduler/cjs/scheduler.native.development.js:45:48)
  console.error
    An update to MapScreen inside a test was not wrapped in act(...).
    
    When testing, code that causes React state updates should be wrapped into act(...):
    
    act(() => {
      /* fire events that update state */
    });
    /* assert on the output */
    
    This ensures that you're testing the behavior the user would see in the browser. Learn more at https://react.dev/link/wrap-tests-with-act

    [0m [90m 58 |[39m                     })[33m;[39m
     [90m 59 |[39m                     
    [31m[1m>[22m[39m[90m 60 |[39m                     setIssues(mapIssues)[33m;[39m
     [90m    |[39m                     [31m[1m^[22m[39m
     [90m 61 |[39m                 } [36mcatch[39m (error) {
     [90m 62 |[39m                     console[33m.[39merror([32m'[MapScreen] Error fetching issues:'[39m[33m,[39m error)[33m;[39m
     [90m 63 |[39m                 }[0m

      at node_modules/react-test-renderer/cjs/react-test-renderer.development.js:11801:19
      at runWithFiberInDEV (node_modules/react-test-renderer/cjs/react-test-renderer.development.js:1574:13)
      at warnIfUpdatesNotWrappedWithActDEV (node_modules/react-test-renderer/cjs/react-test-renderer.development.js:11800:9)
      at scheduleUpdateOnFiber (node_modules/react-test-renderer/cjs/react-test-renderer.development.js:10326:9)
      at dispatchSetStateInternal (node_modules/react-test-renderer/cjs/react-test-renderer.development.js:4148:13)
      at dispatchSetState (node_modules/react-test-renderer/cjs/react-test-renderer.development.js:4107:7)
      at setIssues (screens/MapScreen.js:60:21)
      at asyncGeneratorStep (node_modules/@babel/runtime/helpers/asyncToGenerator.js:3:17)
      at _next (node_modules/@babel/runtime/helpers/asyncToGenerator.js:17:9)

  console.error
    An update to MapScreen inside a test was not wrapped in act(...).
    
    When testing, code that causes React state updates should be wrapped into act(...):
    
    act(() => {
      /* fire events that update state */
    });
    /* assert on the output */
    
    This ensures that you're testing the behavior the user would see in the browser. Learn more at https://react.dev/link/wrap-tests-with-act

    [0m [90m 58 |[39m                     })[33m;[39m
     [90m 59 |[39m                     
    [31m[1m>[22m[39m[90m 60 |[39m                     setIssues(mapIssues)[33m;[39m
     [90m    |[39m                     [31m[1m^[22m[39m
     [90m 61 |[39m                 } [36mcatch[39m (error) {
     [90m 62 |[39m                     console[33m.[39merror([32m'[MapScreen] Error fetching issues:'[39m[33m,[39m error)[33m;[39m
     [90m 63 |[39m                 }[0m

      at node_modules/react-test-renderer/cjs/react-test-renderer.development.js:11801:19
      at runWithFiberInDEV (node_modules/react-test-renderer/cjs/react-test-renderer.development.js:1574:13)
      at warnIfUpdatesNotWrappedWithActDEV (node_modules/react-test-renderer/cjs/react-test-renderer.development.js:11800:9)
      at scheduleUpdateOnFiber (node_modules/react-test-renderer/cjs/react-test-renderer.development.js:10326:9)
      at dispatchSetStateInternal (node_modules/react-test-renderer/cjs/react-test-renderer.development.js:4148:13)
      at dispatchSetState (node_modules/react-test-renderer/cjs/react-test-renderer.development.js:4107:7)
      at setIssues (screens/MapScreen.js:60:21)
      at asyncGeneratorStep (node_modules/@babel/runtime/helpers/asyncToGenerator.js:3:17)
      at _next (node_modules/@babel/runtime/helpers/asyncToGenerator.js:17:9)

FAIL __tests__/MapScreen.test.js
  MapScreen
    ├ù renders loading state initially while detecting location (44 ms)
    ├ù renders map and issues when location is granted (106 ms)
    ├ù falls back to default location without crashing if permission denied (52 ms)
    ├ù filters out issues with invalid coordinates to prevent map crashing (20 ms)
    ├ù navigates to IssueDetail on marker press (50 ms)

  ΓùÅ MapScreen ΓÇ║ renders loading state initially while detecting location

    Can't access .root on unmounted test renderer

    [0m [90m 67 |[39m     
     [90m 68 |[39m     [90m// Test that loading text is found[39m
    [31m[1m>[22m[39m[90m 69 |[39m     expect(tree[33m.[39mroot[33m.[39mfindByProps({ children[33m:[39m 
[32m'Loading Map...'[39m }))[33m.[39mtoBeTruthy()[33m;[39m
     [90m    |[39m                 [31m[1m^[22m[39m
     [90m 70 |[39m   })[33m;[39m
     [90m 71 |[39m
     [90m 72 |[39m   test([32m'renders map and issues when location is granted'[39m[33m,[39m [36masync[39m () 
[33m=>[39m {[0m

      at Object.get [as root] (node_modules/react-test-renderer/cjs/react-test-renderer.development.js:14707:19)
      at Object.root (__tests__/MapScreen.test.js:69:17)
      at asyncGeneratorStep (node_modules/@babel/runtime/helpers/asyncToGenerator.js:3:17)
      at _next (node_modules/@babel/runtime/helpers/asyncToGenerator.js:17:9)
      at node_modules/@babel/runtime/helpers/asyncToGenerator.js:22:7
      at Object.<anonymous> (node_modules/@babel/runtime/helpers/asyncToGenerator.js:14:12)

  ΓùÅ MapScreen ΓÇ║ renders map and issues when location is granted

    Can't access .root on unmounted test renderer

    [0m [90m 85 |[39m     tree[33m.[39mupdate([33m<[39m[33mMapScreen[39m navigation[33m=[39m{{}} [35m/>); 
/[39m[33m/[39m force re[33m-[39mrender
     [90m 86 |[39m
    [31m[1m>[22m[39m[90m 87 |[39m     expect(tree[33m.[39mroot[33m.[39mfindByProps({ testID[33m:[39m 
[32m'map-view'[39m }))[33m.[39mtoBeTruthy()[33m;[39m
     [90m    |[39m                 [31m[1m^[22m[39m
     [90m 88 |[39m     
     [90m 89 |[39m     [36mconst[39m markers [33m=[39m tree[33m.[39mroot[33m.[39mfindAllByProps({ 
testID[33m:[39m [32m'map-marker'[39m })[33m;[39m
     [90m 90 |[39m     expect(markers[33m.[39mlength)[33m.[39mtoBe([35m2[39m)[33m;[39m[0m

      at Object.get [as root] (node_modules/react-test-renderer/cjs/react-test-renderer.development.js:14707:19)
      at Object.root (__tests__/MapScreen.test.js:87:17)
      at asyncGeneratorStep (node_modules/@babel/runtime/helpers/asyncToGenerator.js:3:17)
      at _next (node_modules/@babel/runtime/helpers/asyncToGenerator.js:17:9)

  ΓùÅ MapScreen ΓÇ║ falls back to default location without crashing if permission denied

  console.warn
    An error occurred in the <MapScreen> component.
    
    Consider adding an error boundary to your tree to customize error handling behavior.
    Visit https://react.dev/link/error-boundaries to learn more about error boundaries.

      at defaultOnUncaughtError (node_modules/react-test-renderer/cjs/react-test-renderer.development.js:5452:15)
      at logUncaughtError (node_modules/react-test-renderer/cjs/react-test-renderer.development.js:5512:11)
      at runWithFiberInDEV (node_modules/react-test-renderer/cjs/react-test-renderer.development.js:1574:13)
      at lane.callback (node_modules/react-test-renderer/cjs/react-test-renderer.development.js:5542:9)
      at callCallback (node_modules/react-test-renderer/cjs/react-test-renderer.development.js:2700:16)
      at commitCallbacks (node_modules/react-test-renderer/cjs/react-test-renderer.development.js:2720:11)
      at runWithFiberInDEV (node_modules/react-test-renderer/cjs/react-test-renderer.development.js:1574:13)
      at commitLayoutEffectOnFiber (node_modules/react-test-renderer/cjs/react-test-renderer.development.js:8936:15)
      at flushLayoutEffects (node_modules/react-test-renderer/cjs/react-test-renderer.development.js:11356:13)
      at commitRoot (node_modules/react-test-renderer/cjs/react-test-renderer.development.js:11310:9)
      at commitRootWhenReady (node_modules/react-test-renderer/cjs/react-test-renderer.development.js:10532:7)
      at performWorkOnRoot (node_modules/react-test-renderer/cjs/react-test-renderer.development.js:10494:15)
      at performWorkOnRootViaSchedulerTask (node_modules/react-test-renderer/cjs/react-test-renderer.development.js:2094:7)
      at Immediate.performWorkUntilDeadline [as _onImmediate] (node_modules/scheduler/cjs/scheduler.native.development.js:45:48)

    Can't access .root on unmounted test renderer

    [0m [90m  99 |[39m     tree[33m.[39mupdate([33m<[39m[33mMapScreen[39m navigation[33m=[39m{{}} 
[33m/[39m[33m>[39m)[33m;[39m
     [90m 100 |[39m
    [31m[1m>[22m[39m[90m 101 |[39m     expect(tree[33m.[39mroot[33m.[39mfindByProps({ testID[33m:[39m 
[32m'map-view'[39m }))[33m.[39mtoBeTruthy()[33m;[39m
     [90m     |[39m                 [31m[1m^[22m[39m
     [90m 102 |[39m     
expect([33mLocation[39m[33m.[39mgetLastKnownPositionAsync)[33m.[39mnot[33m.[39mtoHaveBeenCalled()[33m;[39m
     [90m 103 |[39m   })[33m;[39m
     [90m 104 |[39m[0m

      at Object.get [as root] (node_modules/react-test-renderer/cjs/react-test-renderer.development.js:14707:19)
      at Object.root (__tests__/MapScreen.test.js:101:17)
      at asyncGeneratorStep (node_modules/@babel/runtime/helpers/asyncToGenerator.js:3:17)
      at _next (node_modules/@babel/runtime/helpers/asyncToGenerator.js:17:9)

  ΓùÅ MapScreen ΓÇ║ filters out issues with invalid coordinates to prevent map crashing

    Can't access .root on unmounted test renderer

    [0m [90m 118 |[39m     tree[33m.[39mupdate([33m<[39m[33mMapScreen[39m navigation[33m=[39m{{}} 
[33m/[39m[33m>[39m)[33m;[39m
     [90m 119 |[39m
    [31m[1m>[22m[39m[90m 120 |[39m     [36mconst[39m markers [33m=[39m 
tree[33m.[39mroot[33m.[39mfindAllByProps({ testID[33m:[39m [32m'map-marker'[39m })[33m;[39m
     [90m     |[39m                          [31m[1m^[22m[39m
     [90m 121 |[39m     expect(markers[33m.[39mlength)[33m.[39mtoBe([35m1[39m)[33m;[39m
     [90m 122 |[39m   })[33m;[39m
     [90m 123 |[39m   [0m

      at Object.get [as root] (node_modules/react-test-renderer/cjs/react-test-renderer.development.js:14707:19)
      at Object.root (__tests__/MapScreen.test.js:120:26)
      at asyncGeneratorStep (node_modules/@babel/runtime/helpers/asyncToGenerator.js:3:17)
      at _next (node_modules/@babel/runtime/helpers/asyncToGenerator.js:17:9)

  ΓùÅ MapScreen ΓÇ║ navigates to IssueDetail on marker press

    Can't access .root on unmounted test renderer

    [0m [90m 137 |[39m     tree[33m.[39mupdate([33m<[39m[33mMapScreen[39m navigation[33m=[39m{{ 
navigate[33m:[39m mockNavigate }} [33m/[39m[33m>[39m)[33m;[39m
     [90m 138 |[39m
    [31m[1m>[22m[39m[90m 139 |[39m     [36mconst[39m marker [33m=[39m 
tree[33m.[39mroot[33m.[39mfindByProps({ testID[33m:[39m [32m'map-marker'[39m })[33m;[39m
  console.warn
    An error occurred in the <MapScreen> component.
    
    Consider adding an error boundary to your tree to customize error handling behavior.
    Visit https://react.dev/link/error-boundaries to learn more about error boundaries.

      at defaultOnUncaughtError (node_modules/react-test-renderer/cjs/react-test-renderer.development.js:5452:15)
      at logUncaughtError (node_modules/react-test-renderer/cjs/react-test-renderer.development.js:5512:11)
      at runWithFiberInDEV (node_modules/react-test-renderer/cjs/react-test-renderer.development.js:1574:13)
      at lane.callback (node_modules/react-test-renderer/cjs/react-test-renderer.development.js:5542:9)
      at callCallback (node_modules/react-test-renderer/cjs/react-test-renderer.development.js:2700:16)
      at commitCallbacks (node_modules/react-test-renderer/cjs/react-test-renderer.development.js:2720:11)
      at runWithFiberInDEV (node_modules/react-test-renderer/cjs/react-test-renderer.development.js:1574:13)
      at commitLayoutEffectOnFiber (node_modules/react-test-renderer/cjs/react-test-renderer.development.js:8936:15)
      at flushLayoutEffects (node_modules/react-test-renderer/cjs/react-test-renderer.development.js:11356:13)
      at commitRoot (node_modules/react-test-renderer/cjs/react-test-renderer.development.js:11310:9)
      at commitRootWhenReady (node_modules/react-test-renderer/cjs/react-test-renderer.development.js:10532:7)
      at performWorkOnRoot (node_modules/react-test-renderer/cjs/react-test-renderer.development.js:10494:15)
      at performWorkOnRootViaSchedulerTask (node_modules/react-test-renderer/cjs/react-test-renderer.development.js:2094:7)
      at Immediate.performWorkUntilDeadline [as _onImmediate] (node_modules/scheduler/cjs/scheduler.native.development.js:45:48)

  console.error
    An update to MapScreen inside a test was not wrapped in act(...).
    
    When testing, code that causes React state updates should be wrapped into act(...):
    
    act(() => {
      /* fire events that update state */
    });
    /* assert on the output */
    
    This ensures that you're testing the behavior the user would see in the browser. Learn more at https://react.dev/link/wrap-tests-with-act

    [0m [90m 58 |[39m                     })[33m;[39m
     [90m 59 |[39m                     
    [31m[1m>[22m[39m[90m 60 |[39m                     setIssues(mapIssues)[33m;[39m
     [90m    |[39m                     [31m[1m^[22m[39m
     [90m 61 |[39m                 } [36mcatch[39m (error) {
     [90m 62 |[39m                     console[33m.[39merror([32m'[MapScreen] Error fetching issues:'[39m[33m,[39m error)[33m;[39m
     [90m 63 |[39m                 }[0m

      at node_modules/react-test-renderer/cjs/react-test-renderer.development.js:11801:19
      at runWithFiberInDEV (node_modules/react-test-renderer/cjs/react-test-renderer.development.js:1574:13)
      at warnIfUpdatesNotWrappedWithActDEV (node_modules/react-test-renderer/cjs/react-test-renderer.development.js:11800:9)
      at scheduleUpdateOnFiber (node_modules/react-test-renderer/cjs/react-test-renderer.development.js:10326:9)
      at dispatchSetStateInternal (node_modules/react-test-renderer/cjs/react-test-renderer.development.js:4148:13)
      at dispatchSetState (node_modules/react-test-renderer/cjs/react-test-renderer.development.js:4107:7)
      at setIssues (screens/MapScreen.js:60:21)
      at asyncGeneratorStep (node_modules/@babel/runtime/helpers/asyncToGenerator.js:3:17)
      at _next (node_modules/@babel/runtime/helpers/asyncToGenerator.js:17:9)

  console.error
    An update to MapScreen inside a test was not wrapped in act(...).
    
    When testing, code that causes React state updates should be wrapped into act(...):
     [90m     |[39m                         [31m[1m^[22m[39m
     [90m 140 |[39m     
     [90m 141 |[39m     [90m// Simulate press on our mocked marker[39m
     [90m 142 |[39m     marker[33m.[39mprops[33m.[39monTouchEnd()[33m;[39m[0m

      at Object.get [as root] (node_modules/react-test-renderer/cjs/react-test-renderer.development.js:14707:19)
      at Object.root (__tests__/MapScreen.test.js:139:25)
      at asyncGeneratorStep (node_modules/@babel/runtime/helpers/asyncToGenerator.js:3:17)
      at _next (node_modules/@babel/runtime/helpers/asyncToGenerator.js:17:9)

Test Suites: 1 failed, 1 total
Tests:       5 failed, 5 total
Snapshots:   0 total
Time:        4.828 s, estimated 5 s
Ran all test suites matching /MapScreen/i.

ReferenceError: You are trying to `import` a file after the Jest environment has been torn down. From 
__tests__/MapScreen.test.js.

    [0m [90m 229 |[39m             
     [90m 230 |[39m             {[90m/* Recenter Button */[39m}
    [31m[1m>[22m[39m[90m 231 |[39m             [33m<[39m[33mTouchableOpacity[39m 
     [90m     |[39m              [31m[1m^[22m[39m
     [90m 232 |[39m                 style[33m=[39m{styles[33m.[39mrecenterBtn}
     [90m 233 |[39m                 activeOpacity[33m=[39m{[35m0.8[39m}
     [90m 234 |[39m                 onPress[33m=[39m{() [33m=>[39m {[0m

      at Object.get TouchableOpacity [as TouchableOpacity] (node_modules/react-native/index.js:82:12)
      at TouchableOpacity (screens/MapScreen.js:231:14)
      at Object.react-stack-bottom-frame 
(node_modules/react-test-renderer/cjs/react-test-renderer.development.js:13976:20)
      at renderWithHooks (node_modules/react-test-renderer/cjs/react-test-renderer.development.js:2866:22)
      at updateFunctionComponent (node_modules/react-test-renderer/cjs/react-test-renderer.development.js:6006:19)
      at beginWork (node_modules/react-test-renderer/cjs/react-test-renderer.development.js:7474:18)
      at runWithFiberInDEV (node_modules/react-test-renderer/cjs/react-test-renderer.development.js:1574:13)
      at performUnitOfWork (node_modules/react-test-renderer/cjs/react-test-renderer.development.js:10972:22)
      at workLoopSync (node_modules/react-test-renderer/cjs/react-test-renderer.development.js:10816:41)
      at renderRootSync (node_modules/react-test-renderer/cjs/react-test-renderer.development.js:10797:11)
      at performWorkOnRoot (node_modules/react-test-renderer/cjs/react-test-renderer.development.js:10349:13)
      at performWorkOnRootViaSchedulerTask 
(node_modules/react-test-renderer/cjs/react-test-renderer.development.js:2094:7)
      at Immediate.performWorkUntilDeadline [as _onImmediate] 
(node_modules/scheduler/cjs/scheduler.native.development.js:45:48)
    
    act(() => {
      /* fire events that update state */
    });
    /* assert on the output */
    
    This ensures that you're testing the behavior the user would see in the browser. Learn more at https://react.dev/link/wrap-tests-with-act

    [0m [90m 58 |[39m                     })[33m;[39m
     [90m 59 |[39m                     
    [31m[1m>[22m[39m[90m 60 |[39m                     setIssues(mapIssues)[33m;[39m
     [90m    |[39m                     [31m[1m^[22m[39m
     [90m 61 |[39m                 } [36mcatch[39m (error) {
     [90m 62 |[39m                     console[33m.[39merror([32m'[MapScreen] Error fetching issues:'[39m[33m,[39m error)[33m;[39m
     [90m 63 |[39m                 }[0m

      at node_modules/react-test-renderer/cjs/react-test-renderer.development.js:11801:19
      at runWithFiberInDEV (node_modules/react-test-renderer/cjs/react-test-renderer.development.js:1574:13)
      at warnIfUpdatesNotWrappedWithActDEV (node_modules/react-test-renderer/cjs/react-test-renderer.development.js:11800:9)
      at scheduleUpdateOnFiber (node_modules/react-test-renderer/cjs/react-test-renderer.development.js:10326:9)
      at dispatchSetStateInternal (node_modules/react-test-renderer/cjs/react-test-renderer.development.js:4148:13)
      at dispatchSetState (node_modules/react-test-renderer/cjs/react-test-renderer.development.js:4107:7)
      at setIssues (screens/MapScreen.js:60:21)
      at asyncGeneratorStep (node_modules/@babel/runtime/helpers/asyncToGenerator.js:3:17)
      at _next (node_modules/@babel/runtime/helpers/asyncToGenerator.js:17:9)

  console.warn
    An error occurred in the <MapScreen> component.
    
    Consider adding an error boundary to your tree to customize error handling behavior.
    Visit https://react.dev/link/error-boundaries to learn more about error boundaries.

      at defaultOnUncaughtError (node_modules/react-test-renderer/cjs/react-test-renderer.development.js:5452:15)
      at logUncaughtError (node_modules/react-test-renderer/cjs/react-test-renderer.development.js:5512:11)
      at runWithFiberInDEV (node_modules/react-test-renderer/cjs/react-test-renderer.development.js:1574:13)
      at lane.callback (node_modules/react-test-renderer/cjs/react-test-renderer.development.js:5542:9)
      at callCallback (node_modules/react-test-renderer/cjs/react-test-renderer.development.js:2700:16)
      at commitCallbacks (node_modules/react-test-renderer/cjs/react-test-renderer.development.js:2720:11)
      at runWithFiberInDEV (node_modules/react-test-renderer/cjs/react-test-renderer.development.js:1574:13)
      at commitLayoutEffectOnFiber (node_modules/react-test-renderer/cjs/react-test-renderer.development.js:8936:15)
      at flushLayoutEffects (node_modules/react-test-renderer/cjs/react-test-renderer.development.js:11356:13)
      at commitRoot (node_modules/react-test-renderer/cjs/react-test-renderer.development.js:11310:9)
      at commitRootWhenReady (node_modules/react-test-renderer/cjs/react-test-renderer.development.js:10532:7)
      at performWorkOnRoot (node_modules/react-test-renderer/cjs/react-test-renderer.development.js:10494:15)
      at performWorkOnRootViaSchedulerTask (node_modules/react-test-renderer/cjs/react-test-renderer.development.js:2094:7)
      at Immediate.performWorkUntilDeadline [as _onImmediate] (node_modules/scheduler/cjs/scheduler.native.development.js:45:48)

  console.warn
    An error occurred in the <MapScreen> component.
    
    Consider adding an error boundary to your tree to customize error handling behavior.
    Visit https://react.dev/link/error-boundaries to learn more about error boundaries.

      at defaultOnUncaughtError (node_modules/react-test-renderer/cjs/react-test-renderer.development.js:5452:15)
      at logUncaughtError (node_modules/react-test-renderer/cjs/react-test-renderer.development.js:5512:11)
      at runWithFiberInDEV (node_modules/react-test-renderer/cjs/react-test-renderer.development.js:1574:13)
      at lane.callback (node_modules/react-test-renderer/cjs/react-test-renderer.development.js:5542:9)
      at callCallback (node_modules/react-test-renderer/cjs/react-test-renderer.development.js:2700:16)
      at commitCallbacks (node_modules/react-test-renderer/cjs/react-test-renderer.development.js:2720:11)
      at runWithFiberInDEV (node_modules/react-test-renderer/cjs/react-test-renderer.development.js:1574:13)
      at commitLayoutEffectOnFiber (node_modules/react-test-renderer/cjs/react-test-renderer.development.js:8936:15)
      at flushLayoutEffects (node_modules/react-test-renderer/cjs/react-test-renderer.development.js:11356:13)
      at commitRoot (node_modules/react-test-renderer/cjs/react-test-renderer.development.js:11310:9)
      at commitRootWhenReady (node_modules/react-test-renderer/cjs/react-test-renderer.development.js:10532:7)
      at performWorkOnRoot (node_modules/react-test-renderer/cjs/react-test-renderer.development.js:10494:15)
      at performWorkOnRootViaSchedulerTask (node_modules/react-test-renderer/cjs/react-test-renderer.development.js:2094:7)
      at Immediate.performWorkUntilDeadline [as _onImmediate] (node_modules/scheduler/cjs/scheduler.native.development.js:45:48)

